Archive member included to satisfy reference by file (symbol)

c:/program files (x86)/atollic/truestudio for stm32 9.2.0/armtools/bin/../lib/gcc/arm-atollic-eabi/6.3.1/../../../../arm-atollic-eabi/lib/armv7e-m/fpu\libc_nano.a(lib_a-errno.o)
                              Src\syscalls.o (__errno)
c:/program files (x86)/atollic/truestudio for stm32 9.2.0/armtools/bin/../lib/gcc/arm-atollic-eabi/6.3.1/../../../../arm-atollic-eabi/lib/armv7e-m/fpu\libc_nano.a(lib_a-impure.o)
                              c:/program files (x86)/atollic/truestudio for stm32 9.2.0/armtools/bin/../lib/gcc/arm-atollic-eabi/6.3.1/../../../../arm-atollic-eabi/lib/armv7e-m/fpu\libc_nano.a(lib_a-errno.o) (_impure_ptr)
c:/program files (x86)/atollic/truestudio for stm32 9.2.0/armtools/bin/../lib/gcc/arm-atollic-eabi/6.3.1/../../../../arm-atollic-eabi/lib/armv7e-m/fpu\libc_nano.a(lib_a-init.o)
                              startup\startup_stm32f407xx.o (__libc_init_array)
c:/program files (x86)/atollic/truestudio for stm32 9.2.0/armtools/bin/../lib/gcc/arm-atollic-eabi/6.3.1/../../../../arm-atollic-eabi/lib/armv7e-m/fpu\libc_nano.a(lib_a-memset.o)
                              Src\main.o (memset)
c:/program files (x86)/atollic/truestudio for stm32 9.2.0/armtools/bin/../lib/gcc/arm-atollic-eabi/6.3.1/../../../../arm-atollic-eabi/lib/armv7e-m/fpu\libm.a(lib_a-w_pow.o)
                              Src\stm_bme_280.o (pow)
c:/program files (x86)/atollic/truestudio for stm32 9.2.0/armtools/bin/../lib/gcc/arm-atollic-eabi/6.3.1/../../../../arm-atollic-eabi/lib/armv7e-m/fpu\libm.a(lib_a-e_pow.o)
                              c:/program files (x86)/atollic/truestudio for stm32 9.2.0/armtools/bin/../lib/gcc/arm-atollic-eabi/6.3.1/../../../../arm-atollic-eabi/lib/armv7e-m/fpu\libm.a(lib_a-w_pow.o) (__ieee754_pow)
c:/program files (x86)/atollic/truestudio for stm32 9.2.0/armtools/bin/../lib/gcc/arm-atollic-eabi/6.3.1/../../../../arm-atollic-eabi/lib/armv7e-m/fpu\libm.a(lib_a-e_sqrt.o)
                              c:/program files (x86)/atollic/truestudio for stm32 9.2.0/armtools/bin/../lib/gcc/arm-atollic-eabi/6.3.1/../../../../arm-atollic-eabi/lib/armv7e-m/fpu\libm.a(lib_a-e_pow.o) (__ieee754_sqrt)
c:/program files (x86)/atollic/truestudio for stm32 9.2.0/armtools/bin/../lib/gcc/arm-atollic-eabi/6.3.1/../../../../arm-atollic-eabi/lib/armv7e-m/fpu\libm.a(lib_a-s_fabs.o)
                              c:/program files (x86)/atollic/truestudio for stm32 9.2.0/armtools/bin/../lib/gcc/arm-atollic-eabi/6.3.1/../../../../arm-atollic-eabi/lib/armv7e-m/fpu\libm.a(lib_a-e_pow.o) (fabs)
c:/program files (x86)/atollic/truestudio for stm32 9.2.0/armtools/bin/../lib/gcc/arm-atollic-eabi/6.3.1/../../../../arm-atollic-eabi/lib/armv7e-m/fpu\libm.a(lib_a-s_finite.o)
                              c:/program files (x86)/atollic/truestudio for stm32 9.2.0/armtools/bin/../lib/gcc/arm-atollic-eabi/6.3.1/../../../../arm-atollic-eabi/lib/armv7e-m/fpu\libm.a(lib_a-w_pow.o) (finite)
c:/program files (x86)/atollic/truestudio for stm32 9.2.0/armtools/bin/../lib/gcc/arm-atollic-eabi/6.3.1/../../../../arm-atollic-eabi/lib/armv7e-m/fpu\libm.a(lib_a-s_lib_ver.o)
                              c:/program files (x86)/atollic/truestudio for stm32 9.2.0/armtools/bin/../lib/gcc/arm-atollic-eabi/6.3.1/../../../../arm-atollic-eabi/lib/armv7e-m/fpu\libm.a(lib_a-w_pow.o) (__fdlib_version)
c:/program files (x86)/atollic/truestudio for stm32 9.2.0/armtools/bin/../lib/gcc/arm-atollic-eabi/6.3.1/../../../../arm-atollic-eabi/lib/armv7e-m/fpu\libm.a(lib_a-s_matherr.o)
                              c:/program files (x86)/atollic/truestudio for stm32 9.2.0/armtools/bin/../lib/gcc/arm-atollic-eabi/6.3.1/../../../../arm-atollic-eabi/lib/armv7e-m/fpu\libm.a(lib_a-w_pow.o) (matherr)
c:/program files (x86)/atollic/truestudio for stm32 9.2.0/armtools/bin/../lib/gcc/arm-atollic-eabi/6.3.1/../../../../arm-atollic-eabi/lib/armv7e-m/fpu\libm.a(lib_a-s_nan.o)
                              c:/program files (x86)/atollic/truestudio for stm32 9.2.0/armtools/bin/../lib/gcc/arm-atollic-eabi/6.3.1/../../../../arm-atollic-eabi/lib/armv7e-m/fpu\libm.a(lib_a-e_pow.o) (nan)
c:/program files (x86)/atollic/truestudio for stm32 9.2.0/armtools/bin/../lib/gcc/arm-atollic-eabi/6.3.1/../../../../arm-atollic-eabi/lib/armv7e-m/fpu\libm.a(lib_a-s_rint.o)
                              c:/program files (x86)/atollic/truestudio for stm32 9.2.0/armtools/bin/../lib/gcc/arm-atollic-eabi/6.3.1/../../../../arm-atollic-eabi/lib/armv7e-m/fpu\libm.a(lib_a-w_pow.o) (rint)
c:/program files (x86)/atollic/truestudio for stm32 9.2.0/armtools/bin/../lib/gcc/arm-atollic-eabi/6.3.1/../../../../arm-atollic-eabi/lib/armv7e-m/fpu\libm.a(lib_a-s_scalbn.o)
                              c:/program files (x86)/atollic/truestudio for stm32 9.2.0/armtools/bin/../lib/gcc/arm-atollic-eabi/6.3.1/../../../../arm-atollic-eabi/lib/armv7e-m/fpu\libm.a(lib_a-e_pow.o) (scalbn)
[...]
Memory Configuration

Name             Origin             Length             Attributes
RAM              0x20000000         0x00020000         xrw
CCMRAM           0x10000000         0x00010000         rw
FLASH            0x08000000         0x00100000         xr
*default*        0x00000000         0xffffffff

Linker script and memory map

LOAD c:/program files (x86)/atollic/truestudio for stm32 9.2.0/armtools/bin/../lib/gcc/arm-atollic-eabi/6.3.1/armv7e-m/fpu/crti.o
LOAD c:/program files (x86)/atollic/truestudio for stm32 9.2.0/armtools/bin/../lib/gcc/arm-atollic-eabi/6.3.1/armv7e-m/fpu/crtbegin.o
LOAD Drivers\STM32F4xx_HAL_Driver\Src\stm32f4xx_hal.o
LOAD Drivers\STM32F4xx_HAL_Driver\Src\stm32f4xx_hal_cortex.o
LOAD Drivers\STM32F4xx_HAL_Driver\Src\stm32f4xx_hal_dma.o
LOAD Drivers\STM32F4xx_HAL_Driver\Src\stm32f4xx_hal_dma_ex.o
LOAD Drivers\STM32F4xx_HAL_Driver\Src\stm32f4xx_hal_exti.o
LOAD Drivers\STM32F4xx_HAL_Driver\Src\stm32f4xx_hal_flash.o
LOAD Drivers\STM32F4xx_HAL_Driver\Src\stm32f4xx_hal_flash_ex.o
LOAD Drivers\STM32F4xx_HAL_Driver\Src\stm32f4xx_hal_flash_ramfunc.o
LOAD Drivers\STM32F4xx_HAL_Driver\Src\stm32f4xx_hal_gpio.o
LOAD Drivers\STM32F4xx_HAL_Driver\Src\stm32f4xx_hal_pwr.o
LOAD Drivers\STM32F4xx_HAL_Driver\Src\stm32f4xx_hal_pwr_ex.o
LOAD Drivers\STM32F4xx_HAL_Driver\Src\stm32f4xx_hal_rcc.o
LOAD Drivers\STM32F4xx_HAL_Driver\Src\stm32f4xx_hal_rcc_ex.o
LOAD Drivers\STM32F4xx_HAL_Driver\Src\stm32f4xx_hal_spi.o
LOAD Drivers\STM32F4xx_HAL_Driver\Src\stm32f4xx_hal_tim.o
LOAD Drivers\STM32F4xx_HAL_Driver\Src\stm32f4xx_hal_tim_ex.o
LOAD Src\main.o
LOAD Src\stm32f4xx_hal_msp.o
LOAD Src\stm32f4xx_it.o
LOAD Src\stm_bme_280.o
LOAD Src\syscalls.o
LOAD Src\system_stm32f4xx.o
LOAD startup\startup_stm32f407xx.o
                0x00000080                malloc_getpagesize_P = 0x80
START GROUP
LOAD c:/program files (x86)/atollic/truestudio for stm32 9.2.0/armtools/bin/../lib/gcc/arm-atollic-eabi/6.3.1/../../../../arm-atollic-eabi/lib/armv7e-m/fpu\libc_nano.a
LOAD c:/program files (x86)/atollic/truestudio for stm32 9.2.0/armtools/bin/../lib/gcc/arm-atollic-eabi/6.3.1/../../../../arm-atollic-eabi/lib/armv7e-m/fpu\libm.a
END GROUP
START GROUP
LOAD c:/program files (x86)/atollic/truestudio for stm32 9.2.0/armtools/bin/../lib/gcc/arm-atollic-eabi/6.3.1/armv7e-m/fpu\libgcc.a
LOAD c:/program files (x86)/atollic/truestudio for stm32 9.2.0/armtools/bin/../lib/gcc/arm-atollic-eabi/6.3.1/../../../../arm-atollic-eabi/lib/armv7e-m/fpu\libc_nano.a
END GROUP
START GROUP
LOAD c:/program files (x86)/atollic/truestudio for stm32 9.2.0/armtools/bin/../lib/gcc/arm-atollic-eabi/6.3.1/armv7e-m/fpu\libgcc.a
LOAD c:/program files (x86)/atollic/truestudio for stm32 9.2.0/armtools/bin/../lib/gcc/arm-atollic-eabi/6.3.1/../../../../arm-atollic-eabi/lib/armv7e-m/fpu\libc_nano.a
LOAD c:/program files (x86)/atollic/truestudio for stm32 9.2.0/armtools/bin/../lib/gcc/arm-atollic-eabi/6.3.1/../../../../arm-atollic-eabi/lib/armv7e-m/fpu\libnosys.a
END GROUP
START GROUP
LOAD c:/program files (x86)/atollic/truestudio for stm32 9.2.0/armtools/bin/../lib/gcc/arm-atollic-eabi/6.3.1/armv7e-m/fpu\libgcc.a
LOAD c:/program files (x86)/atollic/truestudio for stm32 9.2.0/armtools/bin/../lib/gcc/arm-atollic-eabi/6.3.1/../../../../arm-atollic-eabi/lib/armv7e-m/fpu\libc_nano.a
LOAD c:/program files (x86)/atollic/truestudio for stm32 9.2.0/armtools/bin/../lib/gcc/arm-atollic-eabi/6.3.1/../../../../arm-atollic-eabi/lib/armv7e-m/fpu\libnosys.a
END GROUP
LOAD c:/program files (x86)/atollic/truestudio for stm32 9.2.0/armtools/bin/../lib/gcc/arm-atollic-eabi/6.3.1/armv7e-m/fpu/crtend.o
LOAD c:/program files (x86)/atollic/truestudio for stm32 9.2.0/armtools/bin/../lib/gcc/arm-atollic-eabi/6.3.1/armv7e-m/fpu/crtn.o
                0x20020000                _estack = 0x20020000
                0x00000200                _Min_Heap_Size = 0x200
                0x00000400                _Min_Stack_Size = 0x400

.isr_vector     0x08000000      0x188
                0x08000000                . = ALIGN (0x4)
 *(.isr_vector)
 .isr_vector    0x08000000      0x188 startup\startup_stm32f407xx.o
                0x08000000                g_pfnVectors
                0x08000188                . = ALIGN (0x4)

.text           0x08000188     0x2cd4
                0x08000188                . = ALIGN (0x4)
 *(.text)
 .text          0x08000188       0x40 c:/program files (x86)/atollic/truestudio for stm32 9.2.0/armtools/bin/../lib/gcc/arm-atollic-eabi/6.3.1/armv7e-m/fpu/crtbegin.o
 .text          0x080001c8       0xa0 c:/program files (x86)/atollic/truestudio for stm32 9.2.0/armtools/bin/../lib/gcc/arm-atollic-eabi/6.3.1/armv7e-m/fpu\libgcc.a(_aeabi_ldivmod.o)
                0x080001c8                __aeabi_ldivmod
 .text          0x08000268       0x30 c:/program files (x86)/atollic/truestudio for stm32 9.2.0/armtools/bin/../lib/gcc/arm-atollic-eabi/6.3.1/armv7e-m/fpu\libgcc.a(_aeabi_uldivmod.o)
                0x08000268                __aeabi_uldivmod
 .text          0x08000298      0x2dc c:/program files (x86)/atollic/truestudio for stm32 9.2.0/armtools/bin/../lib/gcc/arm-atollic-eabi/6.3.1/armv7e-m/fpu\libgcc.a(_udivmoddi4.o)
                0x08000298                __udivmoddi4
 .text          0x08000574        0x4 c:/program files (x86)/atollic/truestudio for stm32 9.2.0/armtools/bin/../lib/gcc/arm-atollic-eabi/6.3.1/armv7e-m/fpu\libgcc.a(_dvmd_tls.o)
                0x08000574                __aeabi_idiv0
                0x08000574                __aeabi_ldiv0
 *(.text*)
 .text.HAL_Init
                0x08000578       0x44 Drivers\STM32F4xx_HAL_Driver\Src\stm32f4xx_hal.o
                0x08000578                HAL_Init
 .text.HAL_InitTick
                0x080005bc       0x60 Drivers\STM32F4xx_HAL_Driver\Src\stm32f4xx_hal.o
                0x080005bc                HAL_InitTick
 .text.HAL_IncTick
                0x0800061c       0x28 Drivers\STM32F4xx_HAL_Driver\Src\stm32f4xx_hal.o
                0x0800061c                HAL_IncTick
 .text.HAL_GetTick
                0x08000644       0x18 Drivers\STM32F4xx_HAL_Driver\Src\stm32f4xx_hal.o
                0x08000644                HAL_GetTick
 .text.HAL_Delay
                0x0800065c       0x44 Drivers\STM32F4xx_HAL_Driver\Src\stm32f4xx_hal.o
                0x0800065c                HAL_Delay
 .text.__NVIC_SetPriorityGrouping
                0x080006a0       0x48 Drivers\STM32F4xx_HAL_Driver\Src\stm32f4xx_hal_cortex.o
 .text.__NVIC_GetPriorityGrouping
                0x080006e8       0x1c Drivers\STM32F4xx_HAL_Driver\Src\stm32f4xx_hal_cortex.o
 .text.__NVIC_SetPriority
                0x08000704       0x54 Drivers\STM32F4xx_HAL_Driver\Src\stm32f4xx_hal_cortex.o
 .text.NVIC_EncodePriority
                0x08000758       0x62 Drivers\STM32F4xx_HAL_Driver\Src\stm32f4xx_hal_cortex.o
 *fill*         0x080007ba        0x2 
 .text.SysTick_Config
                0x080007bc       0x44 Drivers\STM32F4xx_HAL_Driver\Src\stm32f4xx_hal_cortex.o
 .text.HAL_NVIC_SetPriorityGrouping
                0x08000800       0x16 Drivers\STM32F4xx_HAL_Driver\Src\stm32f4xx_hal_cortex.o
                0x08000800                HAL_NVIC_SetPriorityGrouping
 .text.HAL_NVIC_SetPriority
                0x08000816       0x38 Drivers\STM32F4xx_HAL_Driver\Src\stm32f4xx_hal_cortex.o
                0x08000816                HAL_NVIC_SetPriority
 .text.HAL_SYSTICK_Config
                0x0800084e       0x18 Drivers\STM32F4xx_HAL_Driver\Src\stm32f4xx_hal_cortex.o
                0x0800084e                HAL_SYSTICK_Config
 *fill*         0x08000866        0x2 
 .text.HAL_GPIO_Init
                0x08000868      0x334 Drivers\STM32F4xx_HAL_Driver\Src\stm32f4xx_hal_gpio.o
                0x08000868                HAL_GPIO_Init
 .text.HAL_GPIO_WritePin
                0x08000b9c       0x32 Drivers\STM32F4xx_HAL_Driver\Src\stm32f4xx_hal_gpio.o
                0x08000b9c                HAL_GPIO_WritePin
 *fill*         0x08000bce        0x2 
 .text.HAL_RCC_OscConfig
                0x08000bd0      0x484 Drivers\STM32F4xx_HAL_Driver\Src\stm32f4xx_hal_rcc.o
                0x08000bd0                HAL_RCC_OscConfig
 .text.HAL_RCC_ClockConfig
                0x08001054      0x1c4 Drivers\STM32F4xx_HAL_Driver\Src\stm32f4xx_hal_rcc.o
                0x08001054                HAL_RCC_ClockConfig
 .text.HAL_RCC_GetSysClockFreq
                0x08001218      0x1b0 Drivers\STM32F4xx_HAL_Driver\Src\stm32f4xx_hal_rcc.o
                0x08001218                HAL_RCC_GetSysClockFreq
 .text.HAL_SPI_Init
                0x080013c8       0xc6 Drivers\STM32F4xx_HAL_Driver\Src\stm32f4xx_hal_spi.o
                0x080013c8                HAL_SPI_Init
 .text.HAL_SPI_Transmit
                0x0800148e      0x264 Drivers\STM32F4xx_HAL_Driver\Src\stm32f4xx_hal_spi.o
                0x0800148e                HAL_SPI_Transmit
 .text.HAL_SPI_TransmitReceive
                0x080016f2      0x340 Drivers\STM32F4xx_HAL_Driver\Src\stm32f4xx_hal_spi.o
                0x080016f2                HAL_SPI_TransmitReceive
 .text.SPI_WaitFlagStateUntilTimeout
                0x08001a32       0xd4 Drivers\STM32F4xx_HAL_Driver\Src\stm32f4xx_hal_spi.o
 *fill*         0x08001b06        0x2 
 .text.SPI_EndRxTxTransaction
                0x08001b08       0x84 Drivers\STM32F4xx_HAL_Driver\Src\stm32f4xx_hal_spi.o
 .text.main     0x08001b8c       0x38 Src\main.o
                0x08001b8c                main
 .text.SystemClock_Config
                0x08001bc4       0xd4 Src\main.o
                0x08001bc4                SystemClock_Config
 .text.MX_SPI1_Init
                0x08001c98       0x6c Src\main.o
 .text.MX_GPIO_Init
                0x08001d04       0x84 Src\main.o
 .text.BME280_Handler
                0x08001d88       0x88 Src\main.o
                0x08001d88                BME280_Handler
 .text.Error_Handler
                0x08001e10        0xe Src\main.o
                0x08001e10                Error_Handler
 *fill*         0x08001e1e        0x2 
 .text.HAL_MspInit
                0x08001e20       0x50 Src\stm32f4xx_hal_msp.o
                0x08001e20                HAL_MspInit
 .text.HAL_SPI_MspInit
                0x08001e70       0x90 Src\stm32f4xx_hal_msp.o
                0x08001e70                HAL_SPI_MspInit
 .text.NMI_Handler
                0x08001f00        0xe Src\stm32f4xx_it.o
                0x08001f00                NMI_Handler
 .text.HardFault_Handler
                0x08001f0e        0x6 Src\stm32f4xx_it.o
                0x08001f0e                HardFault_Handler
 .text.MemManage_Handler
                0x08001f14        0x6 Src\stm32f4xx_it.o
                0x08001f14                MemManage_Handler
 .text.BusFault_Handler
                0x08001f1a        0x6 Src\stm32f4xx_it.o
                0x08001f1a                BusFault_Handler
 .text.UsageFault_Handler
                0x08001f20        0x6 Src\stm32f4xx_it.o
                0x08001f20                UsageFault_Handler
 .text.SVC_Handler
                0x08001f26        0xe Src\stm32f4xx_it.o
                0x08001f26                SVC_Handler
 .text.DebugMon_Handler
                0x08001f34        0xe Src\stm32f4xx_it.o
                0x08001f34                DebugMon_Handler
 .text.PendSV_Handler
                0x08001f42        0xe Src\stm32f4xx_it.o
                0x08001f42                PendSV_Handler
 .text.SysTick_Handler
                0x08001f50        0xc Src\stm32f4xx_it.o
                0x08001f50                SysTick_Handler
 .text.convert16BitData
                0x08001f5c       0x2a Src\stm_bme_280.o
 .text.convert24BitData
                0x08001f86       0x2c Src\stm_bme_280.o
 .text.errorHandler
                0x08001fb2        0xe Src\stm_bme_280.o
 .text.SPIx_CsDown
                0x08001fc0       0x18 Src\stm_bme_280.o
 .text.SPIx_CsUp
                0x08001fd8       0x18 Src\stm_bme_280.o
 .text.SPIx_WriteData
                0x08001ff0       0x54 Src\stm_bme_280.o
 .text.SPIx_ReadData
                0x08002044       0x54 Src\stm_bme_280.o
 .text.SPIx_ReadData16
                0x08002098       0x74 Src\stm_bme_280.o
 .text.SPIx_ReadData24
                0x0800210c       0x70 Src\stm_bme_280.o
 .text.BME280_Initial
                0x0800217c      0x158 Src\stm_bme_280.o
                0x0800217c                BME280_Initial
 .text.BME280_ReadTemperature
                0x080022d4       0xc4 Src\stm_bme_280.o
                0x080022d4                BME280_ReadTemperature
 .text.BME280_ReadPressure
                0x08002398      0x484 Src\stm_bme_280.o
                0x08002398                BME280_ReadPressure
 .text.BME280_ReadHumidity
                0x0800281c      0x110 Src\stm_bme_280.o
                0x0800281c                BME280_ReadHumidity
 .text.bme280_WriteReg
                0x0800292c       0x24 Src\stm_bme_280.o
 .text.bme280_ReadReg
                0x08002950       0x20 Src\stm_bme_280.o
 .text.bme280_ReadRegPtr
                0x08002970       0x24 Src\stm_bme_280.o
 .text.bme280_ReadStatus
                0x08002994       0x1e Src\stm_bme_280.o
 .text.bme280_ReadData16
                0x080029b2       0x1e Src\stm_bme_280.o
 .text.bme280_ReadSignedData16
                0x080029d0       0x1e Src\stm_bme_280.o
 .text.bme280_ReadSignedData16_Convert
                0x080029ee       0x30 Src\stm_bme_280.o
 .text.bme280_ReadRegDataConvert24
                0x08002a1e       0x32 Src\stm_bme_280.o
 .text.bme280_ReadCoefficients_Temp
                0x08002a50       0x2c Src\stm_bme_280.o
 .text.bme280_ReadCoefficients_Pres
                0x08002a7c       0x74 Src\stm_bme_280.o
 .text.bme280_ReadCoefficients_Hum
                0x08002af0       0x88 Src\stm_bme_280.o
 .text.bme280_ReadCoefficients
                0x08002b78       0x14 Src\stm_bme_280.o
 .text.bme280_SetStandby
                0x08002b8c       0x42 Src\stm_bme_280.o
 .text.bme280_SetFilter
                0x08002bce       0x42 Src\stm_bme_280.o
 .text.bme280_SetOversamplingTemper
                0x08002c10       0x42 Src\stm_bme_280.o
 .text.bme280_SetOversamplingPressure
                0x08002c52       0x42 Src\stm_bme_280.o
 .text.bme280_SetOversamplingHum
                0x08002c94       0x56 Src\stm_bme_280.o
 .text.bme280_SetMode
                0x08002cea       0x42 Src\stm_bme_280.o
 .text.SystemInit
                0x08002d2c       0x6c Src\system_stm32f4xx.o
                0x08002d2c                SystemInit
 .text.Reset_Handler
                0x08002d98       0x50 startup\startup_stm32f407xx.o
                0x08002d98                Reset_Handler
 .text.Default_Handler
                0x08002de8        0x2 startup\startup_stm32f407xx.o
                0x08002de8                RTC_Alarm_IRQHandler
                0x08002de8                HASH_RNG_IRQHandler
                0x08002de8                EXTI2_IRQHandler
                0x08002de8                TIM8_CC_IRQHandler
                0x08002de8                TIM1_CC_IRQHandler
                0x08002de8                DMA2_Stream5_IRQHandler
                0x08002de8                DMA1_Stream5_IRQHandler
                0x08002de8                PVD_IRQHandler
                0x08002de8                SDIO_IRQHandler
                0x08002de8                TAMP_STAMP_IRQHandler
                0x08002de8                CAN2_RX1_IRQHandler
                0x08002de8                EXTI3_IRQHandler
                0x08002de8                TIM8_TRG_COM_TIM14_IRQHandler
                0x08002de8                TIM1_UP_TIM10_IRQHandler
                0x08002de8                TIM8_UP_TIM13_IRQHandler
                0x08002de8                I2C3_ER_IRQHandler
                0x08002de8                EXTI0_IRQHandler
                0x08002de8                I2C2_EV_IRQHandler
                0x08002de8                DMA1_Stream2_IRQHandler
                0x08002de8                CAN1_RX0_IRQHandler
                0x08002de8                FPU_IRQHandler
                0x08002de8                OTG_HS_WKUP_IRQHandler
                0x08002de8                CAN2_SCE_IRQHandler
                0x08002de8                DMA2_Stream2_IRQHandler
                0x08002de8                SPI1_IRQHandler
                0x08002de8                TIM6_DAC_IRQHandler
                0x08002de8                TIM1_BRK_TIM9_IRQHandler
                0x08002de8                DCMI_IRQHandler
                0x08002de8                CAN2_RX0_IRQHandler
                0x08002de8                DMA2_Stream3_IRQHandler
                0x08002de8                USART6_IRQHandler
                0x08002de8                USART3_IRQHandler
                0x08002de8                CAN1_RX1_IRQHandler
                0x08002de8                UART5_IRQHandler
                0x08002de8                DMA2_Stream0_IRQHandler
                0x08002de8                TIM4_IRQHandler
                0x08002de8                I2C1_EV_IRQHandler
                0x08002de8                DMA1_Stream6_IRQHandler
                0x08002de8                DMA1_Stream1_IRQHandler
                0x08002de8                UART4_IRQHandler
                0x08002de8                TIM3_IRQHandler
                0x08002de8                RCC_IRQHandler
                0x08002de8                TIM8_BRK_TIM12_IRQHandler
                0x08002de8                Default_Handler
                0x08002de8                EXTI15_10_IRQHandler
                0x08002de8                ADC_IRQHandler
                0x08002de8                DMA1_Stream7_IRQHandler
                0x08002de8                TIM7_IRQHandler
                0x08002de8                CAN2_TX_IRQHandler
                0x08002de8                TIM5_IRQHandler
                0x08002de8                DMA2_Stream7_IRQHandler
                0x08002de8                I2C3_EV_IRQHandler
                0x08002de8                EXTI9_5_IRQHandler
                0x08002de8                RTC_WKUP_IRQHandler
                0x08002de8                ETH_WKUP_IRQHandler
                0x08002de8                SPI2_IRQHandler
                0x08002de8                OTG_HS_EP1_IN_IRQHandler
                0x08002de8                DMA1_Stream0_IRQHandler
                0x08002de8                CAN1_TX_IRQHandler
                0x08002de8                EXTI4_IRQHandler
                0x08002de8                FSMC_IRQHandler
                0x08002de8                ETH_IRQHandler
                0x08002de8                OTG_HS_EP1_OUT_IRQHandler
                0x08002de8                WWDG_IRQHandler
                0x08002de8                TIM2_IRQHandler
                0x08002de8                OTG_FS_WKUP_IRQHandler
                0x08002de8                TIM1_TRG_COM_TIM11_IRQHandler
                0x08002de8                OTG_HS_IRQHandler
                0x08002de8                EXTI1_IRQHandler
                0x08002de8                USART2_IRQHandler
                0x08002de8                I2C2_ER_IRQHandler
                0x08002de8                DMA2_Stream1_IRQHandler
                0x08002de8                CAN1_SCE_IRQHandler
                0x08002de8                FLASH_IRQHandler
                0x08002de8                DMA2_Stream4_IRQHandler
                0x08002de8                USART1_IRQHandler
                0x08002de8                OTG_FS_IRQHandler
                0x08002de8                SPI3_IRQHandler
                0x08002de8                DMA1_Stream4_IRQHandler
                0x08002de8                I2C1_ER_IRQHandler
                0x08002de8                DMA2_Stream6_IRQHandler
                0x08002de8                DMA1_Stream3_IRQHandler
 *fill*         0x08002dea        0x2 
 .text.__libc_init_array
                0x08002dec       0x48 c:/program files (x86)/atollic/truestudio for stm32 9.2.0/armtools/bin/../lib/gcc/arm-atollic-eabi/6.3.1/../../../../arm-atollic-eabi/lib/armv7e-m/fpu\libc_nano.a(lib_a-init.o)
                0x08002dec                __libc_init_array
 .text.memset   0x08002e34       0x10 c:/program files (x86)/atollic/truestudio for stm32 9.2.0/armtools/bin/../lib/gcc/arm-atollic-eabi/6.3.1/../../../../arm-atollic-eabi/lib/armv7e-m/fpu\libc_nano.a(lib_a-memset.o)
                0x08002e34                memset
 *(.glue_7)
 .glue_7        0x08002e44        0x0 linker stubs
 *(.glue_7t)
 .glue_7t       0x08002e44        0x0 linker stubs
 *(.eh_frame)
 .eh_frame      0x08002e44        0x0 c:/program files (x86)/atollic/truestudio for stm32 9.2.0/armtools/bin/../lib/gcc/arm-atollic-eabi/6.3.1/armv7e-m/fpu/crtbegin.o
 *(.init)
 .init          0x08002e44        0x4 c:/program files (x86)/atollic/truestudio for stm32 9.2.0/armtools/bin/../lib/gcc/arm-atollic-eabi/6.3.1/armv7e-m/fpu/crti.o
                0x08002e44                _init
 .init          0x08002e48        0x8 c:/program files (x86)/atollic/truestudio for stm32 9.2.0/armtools/bin/../lib/gcc/arm-atollic-eabi/6.3.1/armv7e-m/fpu/crtn.o
 *(.fini)
 .fini          0x08002e50        0x4 c:/program files (x86)/atollic/truestudio for stm32 9.2.0/armtools/bin/../lib/gcc/arm-atollic-eabi/6.3.1/armv7e-m/fpu/crti.o
                0x08002e50                _fini
 .fini          0x08002e54        0x8 c:/program files (x86)/atollic/truestudio for stm32 9.2.0/armtools/bin/../lib/gcc/arm-atollic-eabi/6.3.1/armv7e-m/fpu/crtn.o
                0x08002e5c                . = ALIGN (0x4)
                0x08002e5c                _etext = .

.vfp11_veneer   0x08002e5c        0x0
 .vfp11_veneer  0x08002e5c        0x0 linker stubs

.v4_bx          0x08002e5c        0x0
 .v4_bx         0x08002e5c        0x0 linker stubs

.iplt           0x08002e5c        0x0
 .iplt          0x08002e5c        0x0 c:/program files (x86)/atollic/truestudio for stm32 9.2.0/armtools/bin/../lib/gcc/arm-atollic-eabi/6.3.1/armv7e-m/fpu/crtbegin.o

.rodata         0x08002e5c       0x10
                0x08002e5c                . = ALIGN (0x4)
 *(.rodata)
 *(.rodata*)
 .rodata.AHBPrescTable
                0x08002e5c       0x10 Src\system_stm32f4xx.o
                0x08002e5c                AHBPrescTable
                0x08002e6c                . = ALIGN (0x4)

.ARM.extab
 *(.ARM.extab* .gnu.linkonce.armextab.*)

.ARM            0x08002e6c        0x8
                0x08002e6c                __exidx_start = .
 *(.ARM.exidx*)
 .ARM.exidx     0x08002e6c        0x8 c:/program files (x86)/atollic/truestudio for stm32 9.2.0/armtools/bin/../lib/gcc/arm-atollic-eabi/6.3.1/armv7e-m/fpu\libgcc.a(_udivmoddi4.o)
                0x08002e74                __exidx_end = .

.rel.dyn        0x08002e74        0x0
 .rel.iplt      0x08002e74        0x0 c:/program files (x86)/atollic/truestudio for stm32 9.2.0/armtools/bin/../lib/gcc/arm-atollic-eabi/6.3.1/armv7e-m/fpu/crtbegin.o

.preinit_array  0x08002e74        0x0
                0x08002e74                PROVIDE (__preinit_array_start, .)
 *(.preinit_array*)
                0x08002e74                PROVIDE (__preinit_array_end, .)

.init_array     0x08002e74        0x4
                0x08002e74                PROVIDE (__init_array_start, .)
 *(SORT(.init_array.*))
 *(.init_array*)
 .init_array    0x08002e74        0x4 c:/program files (x86)/atollic/truestudio for stm32 9.2.0/armtools/bin/../lib/gcc/arm-atollic-eabi/6.3.1/armv7e-m/fpu/crtbegin.o
                0x08002e78                PROVIDE (__init_array_end, .)

.fini_array     0x08002e78        0x4
                [!provide]                PROVIDE (__fini_array_start, .)
 *(SORT(.fini_array.*))
 *(.fini_array*)
 .fini_array    0x08002e78        0x4 c:/program files (x86)/atollic/truestudio for stm32 9.2.0/armtools/bin/../lib/gcc/arm-atollic-eabi/6.3.1/armv7e-m/fpu/crtbegin.o
                [!provide]                PROVIDE (__fini_array_end, .)
                0x08002e7c                _sidata = LOADADDR (.data)

.data           0x20000000        0xc load address 0x08002e7c
                0x20000000                . = ALIGN (0x4)
                0x20000000                _sdata = .
 *(.data)
 *(.data*)
 .data.uwTickPrio
                0x20000000        0x4 Drivers\STM32F4xx_HAL_Driver\Src\stm32f4xx_hal.o
                0x20000000                uwTickPrio
 .data.uwTickFreq
                0x20000004        0x1 Drivers\STM32F4xx_HAL_Driver\Src\stm32f4xx_hal.o
                0x20000004                uwTickFreq
 *fill*         0x20000005        0x3 
 .data.SystemCoreClock
                0x20000008        0x4 Src\system_stm32f4xx.o
                0x20000008                SystemCoreClock
                0x2000000c                . = ALIGN (0x4)
                0x2000000c                _edata = .
                0x08002e88                _siccmram = LOADADDR (.ccmram)

.igot.plt       0x2000000c        0x0 load address 0x08002e88
 .igot.plt      0x2000000c        0x0 c:/program files (x86)/atollic/truestudio for stm32 9.2.0/armtools/bin/../lib/gcc/arm-atollic-eabi/6.3.1/armv7e-m/fpu/crtbegin.o

.ccmram         0x10000000        0x0 load address 0x08002e88
                0x10000000                . = ALIGN (0x4)
                0x10000000                _sccmram = .
 *(.ccmram)
 *(.ccmram*)
                0x10000000                . = ALIGN (0x4)
                0x10000000                _eccmram = .
                0x10000000                . = ALIGN (0x4)

.bss            0x2000000c       0xc4
                0x2000000c                _sbss = .
                0x2000000c                __bss_start__ = _sbss
 *(.bss)
 .bss           0x2000000c       0x1c c:/program files (x86)/atollic/truestudio for stm32 9.2.0/armtools/bin/../lib/gcc/arm-atollic-eabi/6.3.1/armv7e-m/fpu/crtbegin.o
 *(.bss*)
 .bss.ms.8406   0x20000028        0x1 Src\main.o
 *fill*         0x20000029        0x3 
 .bss.tFineValue
                0x2000002c        0x4 Src\stm_bme_280.o
                0x2000002c                tFineValue
 *(COMMON)
 COMMON         0x20000030        0x4 Drivers\STM32F4xx_HAL_Driver\Src\stm32f4xx_hal.o
                0x20000030                uwTick
 COMMON         0x20000034       0x68 Src\main.o
                0x20000034                BME280
                0x20000044                hspi1
 COMMON         0x2000009c       0x34 Src\stm_bme_280.o
                0x2000009c                CalibData
                0x200000c0                BME280_Set
                0x200000d0                . = ALIGN (0x4)
                0x200000d0                _ebss = .
                0x200000d0                __bss_end__ = _ebss

._user_heap_stack
                0x200000d0      0x600
                0x200000d0                . = ALIGN (0x4)
                0x200000d0                PROVIDE (end, .)
                [!provide]                PROVIDE (_end, .)
                0x200002d0                . = (. + _Min_Heap_Size)
 *fill*         0x200000d0      0x200 
                0x200006d0                . = (. + _Min_Stack_Size)
 *fill*         0x200002d0      0x400 
                0x200006d0                . = ALIGN (0x4)

/DISCARD/
 libc.a(*)
 libm.a(*)
 libgcc.a(*)

.ARM.attributes
                0x00000000       0x30
 *(.ARM.attributes)
 .ARM.attributes
                0x00000000       0x22 c:/program files (x86)/atollic/truestudio for stm32 9.2.0/armtools/bin/../lib/gcc/arm-atollic-eabi/6.3.1/armv7e-m/fpu/crti.o
 .ARM.attributes
                0x00000022       0x34 c:/program files (x86)/atollic/truestudio for stm32 9.2.0/armtools/bin/../lib/gcc/arm-atollic-eabi/6.3.1/armv7e-m/fpu/crtbegin.o
 .ARM.attributes
                0x00000056       0x39 Drivers\STM32F4xx_HAL_Driver\Src\stm32f4xx_hal.o
 .ARM.attributes
                0x0000008f       0x39 Drivers\STM32F4xx_HAL_Driver\Src\stm32f4xx_hal_cortex.o
 .ARM.attributes
                0x000000c8       0x39 Drivers\STM32F4xx_HAL_Driver\Src\stm32f4xx_hal_gpio.o
 .ARM.attributes
                0x00000101       0x39 Drivers\STM32F4xx_HAL_Driver\Src\stm32f4xx_hal_rcc.o
 .ARM.attributes
                0x0000013a       0x39 Drivers\STM32F4xx_HAL_Driver\Src\stm32f4xx_hal_spi.o
 .ARM.attributes
                0x00000173       0x39 Src\main.o
 .ARM.attributes
                0x000001ac       0x39 Src\stm32f4xx_hal_msp.o
 .ARM.attributes
                0x000001e5       0x39 Src\stm32f4xx_it.o
 .ARM.attributes
                0x0000021e       0x39 Src\stm_bme_280.o
 .ARM.attributes
                0x00000257       0x39 Src\system_stm32f4xx.o
 .ARM.attributes
                0x00000290       0x21 startup\startup_stm32f407xx.o
 .ARM.attributes
                0x000002b1       0x34 c:/program files (x86)/atollic/truestudio for stm32 9.2.0/armtools/bin/../lib/gcc/arm-atollic-eabi/6.3.1/../../../../arm-atollic-eabi/lib/armv7e-m/fpu\libc_nano.a(lib_a-init.o)
 .ARM.attributes
                0x000002e5       0x34 c:/program files (x86)/atollic/truestudio for stm32 9.2.0/armtools/bin/../lib/gcc/arm-atollic-eabi/6.3.1/../../../../arm-atollic-eabi/lib/armv7e-m/fpu\libc_nano.a(lib_a-memset.o)
 .ARM.attributes
                0x00000319       0x22 c:/program files (x86)/atollic/truestudio for stm32 9.2.0/armtools/bin/../lib/gcc/arm-atollic-eabi/6.3.1/armv7e-m/fpu\libgcc.a(_aeabi_ldivmod.o)
 .ARM.attributes
                0x0000033b       0x22 c:/program files (x86)/atollic/truestudio for stm32 9.2.0/armtools/bin/../lib/gcc/arm-atollic-eabi/6.3.1/armv7e-m/fpu\libgcc.a(_aeabi_uldivmod.o)
 .ARM.attributes
                0x0000035d       0x34 c:/program files (x86)/atollic/truestudio for stm32 9.2.0/armtools/bin/../lib/gcc/arm-atollic-eabi/6.3.1/armv7e-m/fpu\libgcc.a(_udivmoddi4.o)
 .ARM.attributes
                0x00000391       0x22 c:/program files (x86)/atollic/truestudio for stm32 9.2.0/armtools/bin/../lib/gcc/arm-atollic-eabi/6.3.1/armv7e-m/fpu\libgcc.a(_dvmd_tls.o)
 .ARM.attributes
                0x000003b3       0x22 c:/program files (x86)/atollic/truestudio for stm32 9.2.0/armtools/bin/../lib/gcc/arm-atollic-eabi/6.3.1/armv7e-m/fpu/crtn.o
OUTPUT(BME280_SPI.elf elf32-littlearm)

.debug_info     0x00000000     0x8e0b
 .debug_info    0x00000000      0x920 Drivers\STM32F4xx_HAL_Driver\Src\stm32f4xx_hal.o
 .debug_info    0x00000920      0xdd7 Drivers\STM32F4xx_HAL_Driver\Src\stm32f4xx_hal_cortex.o
 .debug_info    0x000016f7      0x763 Drivers\STM32F4xx_HAL_Driver\Src\stm32f4xx_hal_gpio.o
 .debug_info    0x00001e5a      0x8a4 Drivers\STM32F4xx_HAL_Driver\Src\stm32f4xx_hal_rcc.o
 .debug_info    0x000026fe     0x15e6 Drivers\STM32F4xx_HAL_Driver\Src\stm32f4xx_hal_spi.o
 .debug_info    0x00003ce4     0x1540 Src\main.o
 .debug_info    0x00005224     0x11b0 Src\stm32f4xx_hal_msp.o
 .debug_info    0x000063d4      0xa0c Src\stm32f4xx_it.o
 .debug_info    0x00006de0     0x1aa5 Src\stm_bme_280.o
 .debug_info    0x00008885      0x505 Src\system_stm32f4xx.o
 .debug_info    0x00008d8a       0x81 startup\startup_stm32f407xx.o

.debug_abbrev   0x00000000     0x1591
 .debug_abbrev  0x00000000      0x1c6 Drivers\STM32F4xx_HAL_Driver\Src\stm32f4xx_hal.o
 .debug_abbrev  0x000001c6      0x2f5 Drivers\STM32F4xx_HAL_Driver\Src\stm32f4xx_hal_cortex.o
 .debug_abbrev  0x000004bb      0x1c4 Drivers\STM32F4xx_HAL_Driver\Src\stm32f4xx_hal_gpio.o
 .debug_abbrev  0x0000067f      0x240 Drivers\STM32F4xx_HAL_Driver\Src\stm32f4xx_hal_rcc.o
 .debug_abbrev  0x000008bf      0x23b Drivers\STM32F4xx_HAL_Driver\Src\stm32f4xx_hal_spi.o
 .debug_abbrev  0x00000afa      0x285 Src\main.o
 .debug_abbrev  0x00000d7f      0x203 Src\stm32f4xx_hal_msp.o
 .debug_abbrev  0x00000f82      0x1b3 Src\stm32f4xx_it.o
 .debug_abbrev  0x00001135      0x33c Src\stm_bme_280.o
 .debug_abbrev  0x00001471      0x10e Src\system_stm32f4xx.o
 .debug_abbrev  0x0000157f       0x12 startup\startup_stm32f407xx.o

.debug_aranges  0x00000000      0x700
 .debug_aranges
                0x00000000       0xf0 Drivers\STM32F4xx_HAL_Driver\Src\stm32f4xx_hal.o
 .debug_aranges
                0x000000f0      0x118 Drivers\STM32F4xx_HAL_Driver\Src\stm32f4xx_hal_cortex.o
 .debug_aranges
                0x00000208       0x58 Drivers\STM32F4xx_HAL_Driver\Src\stm32f4xx_hal_gpio.o
 .debug_aranges
                0x00000260       0x88 Drivers\STM32F4xx_HAL_Driver\Src\stm32f4xx_hal_rcc.o
 .debug_aranges
                0x000002e8      0x1d0 Drivers\STM32F4xx_HAL_Driver\Src\stm32f4xx_hal_spi.o
 .debug_aranges
                0x000004b8       0x48 Src\main.o
 .debug_aranges
                0x00000500       0x30 Src\stm32f4xx_hal_msp.o
 .debug_aranges
                0x00000530       0x60 Src\stm32f4xx_it.o
 .debug_aranges
                0x00000590      0x120 Src\stm_bme_280.o
 .debug_aranges
                0x000006b0       0x28 Src\system_stm32f4xx.o
 .debug_aranges
                0x000006d8       0x28 startup\startup_stm32f407xx.o

.debug_ranges   0x00000000      0x658
 .debug_ranges  0x00000000       0xe0 Drivers\STM32F4xx_HAL_Driver\Src\stm32f4xx_hal.o
 .debug_ranges  0x000000e0      0x108 Drivers\STM32F4xx_HAL_Driver\Src\stm32f4xx_hal_cortex.o
 .debug_ranges  0x000001e8       0x48 Drivers\STM32F4xx_HAL_Driver\Src\stm32f4xx_hal_gpio.o
 .debug_ranges  0x00000230       0x78 Drivers\STM32F4xx_HAL_Driver\Src\stm32f4xx_hal_rcc.o
 .debug_ranges  0x000002a8      0x1c0 Drivers\STM32F4xx_HAL_Driver\Src\stm32f4xx_hal_spi.o
 .debug_ranges  0x00000468       0x38 Src\main.o
 .debug_ranges  0x000004a0       0x20 Src\stm32f4xx_hal_msp.o
 .debug_ranges  0x000004c0       0x50 Src\stm32f4xx_it.o
 .debug_ranges  0x00000510      0x110 Src\stm_bme_280.o
 .debug_ranges  0x00000620       0x18 Src\system_stm32f4xx.o
 .debug_ranges  0x00000638       0x20 startup\startup_stm32f407xx.o

.debug_line     0x00000000     0x3166
 .debug_line    0x00000000      0x41c Drivers\STM32F4xx_HAL_Driver\Src\stm32f4xx_hal.o
 .debug_line    0x0000041c      0x540 Drivers\STM32F4xx_HAL_Driver\Src\stm32f4xx_hal_cortex.o
 .debug_line    0x0000095c      0x403 Drivers\STM32F4xx_HAL_Driver\Src\stm32f4xx_hal_gpio.o
 .debug_line    0x00000d5f      0x499 Drivers\STM32F4xx_HAL_Driver\Src\stm32f4xx_hal_rcc.o
 .debug_line    0x000011f8      0xbe5 Drivers\STM32F4xx_HAL_Driver\Src\stm32f4xx_hal_spi.o
 .debug_line    0x00001ddd      0x423 Src\main.o
 .debug_line    0x00002200      0x35b Src\stm32f4xx_hal_msp.o
 .debug_line    0x0000255b      0x32c Src\stm32f4xx_it.o
 .debug_line    0x00002887      0x687 Src\stm_bme_280.o
 .debug_line    0x00002f0e      0x1d9 Src\system_stm32f4xx.o
 .debug_line    0x000030e7       0x7f startup\startup_stm32f407xx.o

.debug_str      0x00000000     0x2da3
 .debug_str     0x00000000      0xb10 Drivers\STM32F4xx_HAL_Driver\Src\stm32f4xx_hal.o
                                0xb79 (size before relaxing)
 .debug_str     0x00000b10      0x4ed Drivers\STM32F4xx_HAL_Driver\Src\stm32f4xx_hal_cortex.o
                                0xc89 (size before relaxing)
 .debug_str     0x00000ffd      0x1de Drivers\STM32F4xx_HAL_Driver\Src\stm32f4xx_hal_gpio.o
                                0x54f (size before relaxing)
 .debug_str     0x000011db      0x2e9 Drivers\STM32F4xx_HAL_Driver\Src\stm32f4xx_hal_rcc.o
                                0x6fb (size before relaxing)
 .debug_str     0x000014c4      0x924 Drivers\STM32F4xx_HAL_Driver\Src\stm32f4xx_hal_spi.o
                                0xbfc (size before relaxing)
 .debug_str     0x00001de8      0x8de Src\main.o
                               0x1237 (size before relaxing)
 .debug_str     0x000026c6       0x1b Src\stm32f4xx_hal_msp.o
                                0xc8b (size before relaxing)
 .debug_str     0x000026e1       0xa6 Src\stm32f4xx_it.o
                                0x73c (size before relaxing)
 .debug_str     0x00002787      0x5d7 Src\stm_bme_280.o
                               0x1589 (size before relaxing)
 .debug_str     0x00002d5e       0x45 Src\system_stm32f4xx.o
                                0x3b3 (size before relaxing)

.comment        0x00000000       0x7c
 .comment       0x00000000       0x7c Drivers\STM32F4xx_HAL_Driver\Src\stm32f4xx_hal.o
                                 0x7d (size before relaxing)
 .comment       0x0000007c       0x7d Drivers\STM32F4xx_HAL_Driver\Src\stm32f4xx_hal_cortex.o
 .comment       0x0000007c       0x7d Drivers\STM32F4xx_HAL_Driver\Src\stm32f4xx_hal_gpio.o
 .comment       0x0000007c       0x7d Drivers\STM32F4xx_HAL_Driver\Src\stm32f4xx_hal_rcc.o
 .comment       0x0000007c       0x7d Drivers\STM32F4xx_HAL_Driver\Src\stm32f4xx_hal_spi.o
 .comment       0x0000007c       0x7d Src\main.o
 .comment       0x0000007c       0x7d Src\stm32f4xx_hal_msp.o
 .comment       0x0000007c       0x7d Src\stm32f4xx_it.o
 .comment       0x0000007c       0x7d Src\stm_bme_280.o
 .comment       0x0000007c       0x7d Src\system_stm32f4xx.o

.debug_frame    0x00000000     0x1bc4
 .debug_frame   0x00000000      0x374 Drivers\STM32F4xx_HAL_Driver\Src\stm32f4xx_hal.o
 .debug_frame   0x00000374      0x498 Drivers\STM32F4xx_HAL_Driver\Src\stm32f4xx_hal_cortex.o
 .debug_frame   0x0000080c      0x14c Drivers\STM32F4xx_HAL_Driver\Src\stm32f4xx_hal_gpio.o
 .debug_frame   0x00000958      0x1f8 Drivers\STM32F4xx_HAL_Driver\Src\stm32f4xx_hal_rcc.o
 .debug_frame   0x00000b50      0x824 Drivers\STM32F4xx_HAL_Driver\Src\stm32f4xx_hal_spi.o
 .debug_frame   0x00001374       0xd4 Src\main.o
 .debug_frame   0x00001448       0x80 Src\stm32f4xx_hal_msp.o
 .debug_frame   0x000014c8      0x10c Src\stm32f4xx_it.o
 .debug_frame   0x000015d4      0x4a8 Src\stm_bme_280.o
 .debug_frame   0x00001a7c       0x58 Src\system_stm32f4xx.o
 .debug_frame   0x00001ad4       0x2c c:/program files (x86)/atollic/truestudio for stm32 9.2.0/armtools/bin/../lib/gcc/arm-atollic-eabi/6.3.1/../../../../arm-atollic-eabi/lib/armv7e-m/fpu\libc_nano.a(lib_a-init.o)
 .debug_frame   0x00001b00       0x20 c:/program files (x86)/atollic/truestudio for stm32 9.2.0/armtools/bin/../lib/gcc/arm-atollic-eabi/6.3.1/../../../../arm-atollic-eabi/lib/armv7e-m/fpu\libc_nano.a(lib_a-memset.o)
 .debug_frame   0x00001b20       0x44 c:/program files (x86)/atollic/truestudio for stm32 9.2.0/armtools/bin/../lib/gcc/arm-atollic-eabi/6.3.1/armv7e-m/fpu\libgcc.a(_aeabi_ldivmod.o)
 .debug_frame   0x00001b64       0x2c c:/program files (x86)/atollic/truestudio for stm32 9.2.0/armtools/bin/../lib/gcc/arm-atollic-eabi/6.3.1/armv7e-m/fpu\libgcc.a(_aeabi_uldivmod.o)
 .debug_frame   0x00001b90       0x34 c:/program files (x86)/atollic/truestudio for stm32 9.2.0/armtools/bin/../lib/gcc/arm-atollic-eabi/6.3.1/armv7e-m/fpu\libgcc.a(_udivmoddi4.o)
