stm_bme_280.h:27:24:convert16BitData	16	static
stm_bme_280.h:32:24:convert24BitData	16	static
stm_bme_280.c:23:20:errorHandler	4	static
stm_bme_280.c:34:13:SPIx_CsDown	8	static
stm_bme_280.c:42:13:SPIx_CsUp	8	static
stm_bme_280.c:49:20:SPIx_WriteData	24	static
stm_bme_280.c:69:23:SPIx_ReadData	32	static
stm_bme_280.c:93:13:SPIx_ReadData16	32	static
stm_bme_280.c:116:13:SPIx_ReadData24	40	static
stm_bme_280.c:202:15:BME280_Initial	32	static
stm_bme_280.c:253:7:BME280_ReadTemperature	24	static
stm_bme_280.c:282:7:BME280_ReadPressure	192	static
stm_bme_280.c:327:7:BME280_ReadHumidity	24	static
stm_bme_280.c:363:7:BME280_ReadAltitude	32	static
stm_bme_280.c:374:7:BME280_ReadAltitudeDefSeaLevel	24	static
stm_bme_280.c:385:13:bme280_WriteReg	16	static
stm_bme_280.c:395:16:bme280_ReadReg	24	static
stm_bme_280.c:406:13:bme280_ReadRegPtr	16	static
stm_bme_280.c:418:16:bme280_ReadStatus	16	static
stm_bme_280.c:424:13:bme280_ReadData16	16	static
stm_bme_280.c:434:13:bme280_ReadSignedData16	16	static
stm_bme_280.c:444:13:bme280_ReadSignedData16_Convert	16	static
stm_bme_280.c:457:13:bme280_ReadRegDataConvert24	16	static
stm_bme_280.c:473:13:bme280_ReadCoefficients_Temp	8	static
stm_bme_280.c:480:13:bme280_ReadCoefficients_Pres	8	static
stm_bme_280.c:493:13:bme280_ReadCoefficients_Hum	16	static
stm_bme_280.c:504:13:bme280_ReadCoefficients	8	static
stm_bme_280.c:513:13:bme280_SetStandby	24	static
stm_bme_280.c:523:13:bme280_SetFilter	24	static
stm_bme_280.c:533:13:bme280_SetOversamplingTemper	24	static
stm_bme_280.c:543:13:bme280_SetOversamplingPressure	24	static
stm_bme_280.c:553:13:bme280_SetOversamplingHum	24	static
stm_bme_280.c:566:13:bme280_SetMode	24	static
